/usr/src/app$ cd code-user
/usr/src/app/code-user$ git reset --hard HEAD~2
HEAD is now at 50395fd add index.html
/usr/src/app/code-user$ git status
On branch main
nothing to commit, working tree clean
/usr/src/app/code-user$ 